Archive member included to satisfy reference by file (symbol)

c:/program files (x86)/atmel/studio/7.0/toolchain/avr8/avr8-gnu-toolchain/bin/../lib/gcc/avr/5.4.0/avr5\libgcc.a(_udivmodsi4.o)
                              Usart.o (__udivmodsi4)
c:/program files (x86)/atmel/studio/7.0/toolchain/avr8/avr8-gnu-toolchain/bin/../lib/gcc/avr/5.4.0/avr5\libgcc.a(_exit.o)
                              C:/Program Files (x86)/Atmel/Studio/7.0/Packs/atmel/ATmega_DFP/1.2.132/gcc/dev/atmega328p/avr5/crtatmega328p.o (exit)
c:/program files (x86)/atmel/studio/7.0/toolchain/avr8/avr8-gnu-toolchain/bin/../lib/gcc/avr/5.4.0/avr5\libgcc.a(_tablejump2.o)
                              Zobraz.o (__tablejump2__)
c:/program files (x86)/atmel/studio/7.0/toolchain/avr8/avr8-gnu-toolchain/bin/../lib/gcc/avr/5.4.0/avr5\libgcc.a(_copy_data.o)
                              Client.o (__do_copy_data)
c:/program files (x86)/atmel/studio/7.0/toolchain/avr8/avr8-gnu-toolchain/bin/../lib/gcc/avr/5.4.0/avr5\libgcc.a(_clear_bss.o)
                              PrerT1.o (__do_clear_bss)
c:/program files (x86)/atmel/studio/7.0/toolchain/avr8/avr8-gnu-toolchain/bin/../lib/gcc/avr/5.4.0/avr5\libgcc.a(_ctors.o)
                              PrerT1.o (__do_global_ctors)
c:/program files (x86)/atmel/studio/7.0/toolchain/avr8/avr8-gnu-toolchain/bin/../lib/gcc/avr/5.4.0/avr5\libgcc.a(_dtors.o)
                              PrerT1.o (__do_global_dtors)
c:/program files (x86)/atmel/studio/7.0/toolchain/avr8/avr8-gnu-toolchain/bin/../lib/gcc/avr/5.4.0/../../../../avr/lib/avr5\libc.a(malloc.o)
                              Usart.o (malloc)

Allocating common symbols
Common symbol       size              file

__brkval            0x2               c:/program files (x86)/atmel/studio/7.0/toolchain/avr8/avr8-gnu-toolchain/bin/../lib/gcc/avr/5.4.0/../../../../avr/lib/avr5\libc.a(malloc.o)
__flp               0x2               c:/program files (x86)/atmel/studio/7.0/toolchain/avr8/avr8-gnu-toolchain/bin/../lib/gcc/avr/5.4.0/../../../../avr/lib/avr5\libc.a(malloc.o)

Discarded input sections

 .data          0x00000000        0x0 C:/Program Files (x86)/Atmel/Studio/7.0/Packs/atmel/ATmega_DFP/1.2.132/gcc/dev/atmega328p/avr5/crtatmega328p.o
 .bss           0x00000000        0x0 C:/Program Files (x86)/Atmel/Studio/7.0/Packs/atmel/ATmega_DFP/1.2.132/gcc/dev/atmega328p/avr5/crtatmega328p.o
 .text          0x00000000        0x0 ADC_klasika.o
 .data          0x00000000        0x0 ADC_klasika.o
 .bss           0x00000000        0x0 ADC_klasika.o
 .text._ZN11ADC_klasikaD2Ev
                0x00000000        0x2 ADC_klasika.o
 .text          0x00000000        0x0 Client.o
 .data          0x00000000        0x0 Client.o
 .bss           0x00000000        0x0 Client.o
 .text._ZN6ClientD2Ev
                0x00000000        0x6 Client.o
 .text._ZN6Client9cakaj_IPDEv
                0x00000000       0xbc Client.o
 .text._ZN6Client7napisIPEv
                0x00000000       0xa8 Client.o
 .text._ZN6Client9test_LNLNEv
                0x00000000       0x72 Client.o
 .text._ZN6Client8test_GETEv
                0x00000000       0xa8 Client.o
 .text          0x00000000        0x0 ESP1.o
 .data          0x00000000        0x0 ESP1.o
 .bss           0x00000000        0x0 ESP1.o
 .text._ZN4Esp1C2Ev
                0x00000000       0x16 ESP1.o
 .text._ZN4Esp1D2Ev
                0x00000000       0x16 ESP1.o
 .rodata.str1.1
                0x00000000       0x1a ESP1.o
 .text._ZN4Esp16TestOKEv
                0x00000000       0x38 ESP1.o
 .text._ZN4Esp14EchoEb
                0x00000000       0x5c ESP1.o
 .text._ZN4Esp17RestartEv
                0x00000000       0x3a ESP1.o
 .text._ZN4Esp111NastavUSARTEi
                0x00000000        0x4 ESP1.o
 .debug_info    0x00000000      0xb55 ESP1.o
 .debug_abbrev  0x00000000      0x2a8 ESP1.o
 .debug_loc     0x00000000      0x267 ESP1.o
 .debug_aranges
                0x00000000       0x48 ESP1.o
 .debug_ranges  0x00000000       0x38 ESP1.o
 .debug_line    0x00000000      0x260 ESP1.o
 .debug_str     0x00000000      0x816 ESP1.o
 .comment       0x00000000       0x31 ESP1.o
 .debug_frame   0x00000000       0xa8 ESP1.o
 .text          0x00000000        0x0 main.o
 .data          0x00000000        0x0 main.o
 .bss           0x00000000        0x0 main.o
 .text          0x00000000        0x0 PrerT1.o
 .data          0x00000000        0x0 PrerT1.o
 .bss           0x00000000        0x0 PrerT1.o
 .text._ZN6PrerT17getTim1Ev
                0x00000000        0x8 PrerT1.o
 .text._ZN6PrerT17setTim1Ej
                0x00000000        0x8 PrerT1.o
 .text          0x00000000        0x0 Usart.o
 .data          0x00000000        0x0 Usart.o
 .bss           0x00000000        0x0 Usart.o
 .text._ZN5Usart9setParityE13UsartParityEL
                0x00000000       0x38 Usart.o
 .text._ZN5Usart10setStopBitE14UsartStopBitEL
                0x00000000       0x24 Usart.o
 .text._ZN5Usart12getMaxLengthEv
                0x00000000        0x8 Usart.o
 .text._ZN5Usart16getRxLostBytesNrEv
                0x00000000        0x8 Usart.o
 .text._ZN5Usart8readByteEv
                0x00000000       0x10 Usart.o
 .text._ZN5Usart9SreadByteEv
                0x00000000       0x32 Usart.o
 .text._ZN5Usart11writeFromPMEPKc
                0x00000000       0x30 Usart.o
 .text._ZN5Usart12SwriteFromPMEPKc
                0x00000000       0x30 Usart.o
 .text._ZN5Usart10writeBytesEPhj
                0x00000000       0x38 Usart.o
 .text._ZN5Usart11SwriteBytesEPhj
                0x00000000       0x38 Usart.o
 .text._ZN5Usart6SwriteEm
                0x00000000       0xae Usart.o
 .text._ZN5Usart6SwriteEl
                0x00000000       0x34 Usart.o
 .text._ZN5Usart6SwriteEi
                0x00000000        0xe Usart.o
 .text._ZN5Usart6SwriteEj
                0x00000000        0xc Usart.o
 .text._ZN5Usart10findFromPMEPKcb
                0x00000000       0x84 Usart.o
 .text          0x00000000        0x0 Util.o
 .data          0x00000000        0x0 Util.o
 .bss           0x00000000        0x0 Util.o
 .text._Znwj    0x00000000        0x6 Util.o
 .text._Z16getFreeMCUMemoryv
                0x00000000       0x32 Util.o
 .text._Z9getPMDataPKcj
                0x00000000       0x5a Util.o
 .text          0x00000000        0x0 Zobraz.o
 .data          0x00000000        0x0 Zobraz.o
 .bss           0x00000000        0x0 Zobraz.o
 .text._ZN6ZobrazD2Ev
                0x00000000        0x2 Zobraz.o
 .text._ZN6Zobraz3RGBEbbb
                0x00000000       0x20 Zobraz.o
 .text._ZN6Zobraz4BLIKEhbbb
                0x00000000       0x42 Zobraz.o
 .text          0x00000000        0x0 c:/program files (x86)/atmel/studio/7.0/toolchain/avr8/avr8-gnu-toolchain/bin/../lib/gcc/avr/5.4.0/avr5\libgcc.a(_udivmodsi4.o)
 .data          0x00000000        0x0 c:/program files (x86)/atmel/studio/7.0/toolchain/avr8/avr8-gnu-toolchain/bin/../lib/gcc/avr/5.4.0/avr5\libgcc.a(_udivmodsi4.o)
 .bss           0x00000000        0x0 c:/program files (x86)/atmel/studio/7.0/toolchain/avr8/avr8-gnu-toolchain/bin/../lib/gcc/avr/5.4.0/avr5\libgcc.a(_udivmodsi4.o)
 .text.libgcc.mul
                0x00000000        0x0 c:/program files (x86)/atmel/studio/7.0/toolchain/avr8/avr8-gnu-toolchain/bin/../lib/gcc/avr/5.4.0/avr5\libgcc.a(_udivmodsi4.o)
 .text.libgcc   0x00000000        0x0 c:/program files (x86)/atmel/studio/7.0/toolchain/avr8/avr8-gnu-toolchain/bin/../lib/gcc/avr/5.4.0/avr5\libgcc.a(_udivmodsi4.o)
 .text.libgcc.prologue
                0x00000000        0x0 c:/program files (x86)/atmel/studio/7.0/toolchain/avr8/avr8-gnu-toolchain/bin/../lib/gcc/avr/5.4.0/avr5\libgcc.a(_udivmodsi4.o)
 .text.libgcc.builtins
                0x00000000        0x0 c:/program files (x86)/atmel/studio/7.0/toolchain/avr8/avr8-gnu-toolchain/bin/../lib/gcc/avr/5.4.0/avr5\libgcc.a(_udivmodsi4.o)
 .text.libgcc.fmul
                0x00000000        0x0 c:/program files (x86)/atmel/studio/7.0/toolchain/avr8/avr8-gnu-toolchain/bin/../lib/gcc/avr/5.4.0/avr5\libgcc.a(_udivmodsi4.o)
 .text.libgcc.fixed
                0x00000000        0x0 c:/program files (x86)/atmel/studio/7.0/toolchain/avr8/avr8-gnu-toolchain/bin/../lib/gcc/avr/5.4.0/avr5\libgcc.a(_udivmodsi4.o)
 .text          0x00000000        0x0 c:/program files (x86)/atmel/studio/7.0/toolchain/avr8/avr8-gnu-toolchain/bin/../lib/gcc/avr/5.4.0/avr5\libgcc.a(_exit.o)
 .data          0x00000000        0x0 c:/program files (x86)/atmel/studio/7.0/toolchain/avr8/avr8-gnu-toolchain/bin/../lib/gcc/avr/5.4.0/avr5\libgcc.a(_exit.o)
 .bss           0x00000000        0x0 c:/program files (x86)/atmel/studio/7.0/toolchain/avr8/avr8-gnu-toolchain/bin/../lib/gcc/avr/5.4.0/avr5\libgcc.a(_exit.o)
 .text.libgcc.mul
                0x00000000        0x0 c:/program files (x86)/atmel/studio/7.0/toolchain/avr8/avr8-gnu-toolchain/bin/../lib/gcc/avr/5.4.0/avr5\libgcc.a(_exit.o)
 .text.libgcc.div
                0x00000000        0x0 c:/program files (x86)/atmel/studio/7.0/toolchain/avr8/avr8-gnu-toolchain/bin/../lib/gcc/avr/5.4.0/avr5\libgcc.a(_exit.o)
 .text.libgcc   0x00000000        0x0 c:/program files (x86)/atmel/studio/7.0/toolchain/avr8/avr8-gnu-toolchain/bin/../lib/gcc/avr/5.4.0/avr5\libgcc.a(_exit.o)
 .text.libgcc.prologue
                0x00000000        0x0 c:/program files (x86)/atmel/studio/7.0/toolchain/avr8/avr8-gnu-toolchain/bin/../lib/gcc/avr/5.4.0/avr5\libgcc.a(_exit.o)
 .text.libgcc.builtins
                0x00000000        0x0 c:/program files (x86)/atmel/studio/7.0/toolchain/avr8/avr8-gnu-toolchain/bin/../lib/gcc/avr/5.4.0/avr5\libgcc.a(_exit.o)
 .text.libgcc.fmul
                0x00000000        0x0 c:/program files (x86)/atmel/studio/7.0/toolchain/avr8/avr8-gnu-toolchain/bin/../lib/gcc/avr/5.4.0/avr5\libgcc.a(_exit.o)
 .text.libgcc.fixed
                0x00000000        0x0 c:/program files (x86)/atmel/studio/7.0/toolchain/avr8/avr8-gnu-toolchain/bin/../lib/gcc/avr/5.4.0/avr5\libgcc.a(_exit.o)
 .text          0x00000000        0x0 c:/program files (x86)/atmel/studio/7.0/toolchain/avr8/avr8-gnu-toolchain/bin/../lib/gcc/avr/5.4.0/avr5\libgcc.a(_tablejump2.o)
 .data          0x00000000        0x0 c:/program files (x86)/atmel/studio/7.0/toolchain/avr8/avr8-gnu-toolchain/bin/../lib/gcc/avr/5.4.0/avr5\libgcc.a(_tablejump2.o)
 .bss           0x00000000        0x0 c:/program files (x86)/atmel/studio/7.0/toolchain/avr8/avr8-gnu-toolchain/bin/../lib/gcc/avr/5.4.0/avr5\libgcc.a(_tablejump2.o)
 .text.libgcc.mul
                0x00000000        0x0 c:/program files (x86)/atmel/studio/7.0/toolchain/avr8/avr8-gnu-toolchain/bin/../lib/gcc/avr/5.4.0/avr5\libgcc.a(_tablejump2.o)
 .text.libgcc.div
                0x00000000        0x0 c:/program files (x86)/atmel/studio/7.0/toolchain/avr8/avr8-gnu-toolchain/bin/../lib/gcc/avr/5.4.0/avr5\libgcc.a(_tablejump2.o)
 .text.libgcc.prologue
                0x00000000        0x0 c:/program files (x86)/atmel/studio/7.0/toolchain/avr8/avr8-gnu-toolchain/bin/../lib/gcc/avr/5.4.0/avr5\libgcc.a(_tablejump2.o)
 .text.libgcc.builtins
                0x00000000        0x0 c:/program files (x86)/atmel/studio/7.0/toolchain/avr8/avr8-gnu-toolchain/bin/../lib/gcc/avr/5.4.0/avr5\libgcc.a(_tablejump2.o)
 .text.libgcc.fmul
                0x00000000        0x0 c:/program files (x86)/atmel/studio/7.0/toolchain/avr8/avr8-gnu-toolchain/bin/../lib/gcc/avr/5.4.0/avr5\libgcc.a(_tablejump2.o)
 .text.libgcc.fixed
                0x00000000        0x0 c:/program files (x86)/atmel/studio/7.0/toolchain/avr8/avr8-gnu-toolchain/bin/../lib/gcc/avr/5.4.0/avr5\libgcc.a(_tablejump2.o)
 .text          0x00000000        0x0 c:/program files (x86)/atmel/studio/7.0/toolchain/avr8/avr8-gnu-toolchain/bin/../lib/gcc/avr/5.4.0/avr5\libgcc.a(_copy_data.o)
 .data          0x00000000        0x0 c:/program files (x86)/atmel/studio/7.0/toolchain/avr8/avr8-gnu-toolchain/bin/../lib/gcc/avr/5.4.0/avr5\libgcc.a(_copy_data.o)
 .bss           0x00000000        0x0 c:/program files (x86)/atmel/studio/7.0/toolchain/avr8/avr8-gnu-toolchain/bin/../lib/gcc/avr/5.4.0/avr5\libgcc.a(_copy_data.o)
 .text.libgcc.mul
                0x00000000        0x0 c:/program files (x86)/atmel/studio/7.0/toolchain/avr8/avr8-gnu-toolchain/bin/../lib/gcc/avr/5.4.0/avr5\libgcc.a(_copy_data.o)
 .text.libgcc.div
                0x00000000        0x0 c:/program files (x86)/atmel/studio/7.0/toolchain/avr8/avr8-gnu-toolchain/bin/../lib/gcc/avr/5.4.0/avr5\libgcc.a(_copy_data.o)
 .text.libgcc   0x00000000        0x0 c:/program files (x86)/atmel/studio/7.0/toolchain/avr8/avr8-gnu-toolchain/bin/../lib/gcc/avr/5.4.0/avr5\libgcc.a(_copy_data.o)
 .text.libgcc.prologue
                0x00000000        0x0 c:/program files (x86)/atmel/studio/7.0/toolchain/avr8/avr8-gnu-toolchain/bin/../lib/gcc/avr/5.4.0/avr5\libgcc.a(_copy_data.o)
 .text.libgcc.builtins
                0x00000000        0x0 c:/program files (x86)/atmel/studio/7.0/toolchain/avr8/avr8-gnu-toolchain/bin/../lib/gcc/avr/5.4.0/avr5\libgcc.a(_copy_data.o)
 .text.libgcc.fmul
                0x00000000        0x0 c:/program files (x86)/atmel/studio/7.0/toolchain/avr8/avr8-gnu-toolchain/bin/../lib/gcc/avr/5.4.0/avr5\libgcc.a(_copy_data.o)
 .text.libgcc.fixed
                0x00000000        0x0 c:/program files (x86)/atmel/studio/7.0/toolchain/avr8/avr8-gnu-toolchain/bin/../lib/gcc/avr/5.4.0/avr5\libgcc.a(_copy_data.o)
 .text          0x00000000        0x0 c:/program files (x86)/atmel/studio/7.0/toolchain/avr8/avr8-gnu-toolchain/bin/../lib/gcc/avr/5.4.0/avr5\libgcc.a(_clear_bss.o)
 .data          0x00000000        0x0 c:/program files (x86)/atmel/studio/7.0/toolchain/avr8/avr8-gnu-toolchain/bin/../lib/gcc/avr/5.4.0/avr5\libgcc.a(_clear_bss.o)
 .bss           0x00000000        0x0 c:/program files (x86)/atmel/studio/7.0/toolchain/avr8/avr8-gnu-toolchain/bin/../lib/gcc/avr/5.4.0/avr5\libgcc.a(_clear_bss.o)
 .text.libgcc.mul
                0x00000000        0x0 c:/program files (x86)/atmel/studio/7.0/toolchain/avr8/avr8-gnu-toolchain/bin/../lib/gcc/avr/5.4.0/avr5\libgcc.a(_clear_bss.o)
 .text.libgcc.div
                0x00000000        0x0 c:/program files (x86)/atmel/studio/7.0/toolchain/avr8/avr8-gnu-toolchain/bin/../lib/gcc/avr/5.4.0/avr5\libgcc.a(_clear_bss.o)
 .text.libgcc   0x00000000        0x0 c:/program files (x86)/atmel/studio/7.0/toolchain/avr8/avr8-gnu-toolchain/bin/../lib/gcc/avr/5.4.0/avr5\libgcc.a(_clear_bss.o)
 .text.libgcc.prologue
                0x00000000        0x0 c:/program files (x86)/atmel/studio/7.0/toolchain/avr8/avr8-gnu-toolchain/bin/../lib/gcc/avr/5.4.0/avr5\libgcc.a(_clear_bss.o)
 .text.libgcc.builtins
                0x00000000        0x0 c:/program files (x86)/atmel/studio/7.0/toolchain/avr8/avr8-gnu-toolchain/bin/../lib/gcc/avr/5.4.0/avr5\libgcc.a(_clear_bss.o)
 .text.libgcc.fmul
                0x00000000        0x0 c:/program files (x86)/atmel/studio/7.0/toolchain/avr8/avr8-gnu-toolchain/bin/../lib/gcc/avr/5.4.0/avr5\libgcc.a(_clear_bss.o)
 .text.libgcc.fixed
                0x00000000        0x0 c:/program files (x86)/atmel/studio/7.0/toolchain/avr8/avr8-gnu-toolchain/bin/../lib/gcc/avr/5.4.0/avr5\libgcc.a(_clear_bss.o)
 .text          0x00000000        0x0 c:/program files (x86)/atmel/studio/7.0/toolchain/avr8/avr8-gnu-toolchain/bin/../lib/gcc/avr/5.4.0/avr5\libgcc.a(_ctors.o)
 .data          0x00000000        0x0 c:/program files (x86)/atmel/studio/7.0/toolchain/avr8/avr8-gnu-toolchain/bin/../lib/gcc/avr/5.4.0/avr5\libgcc.a(_ctors.o)
 .bss           0x00000000        0x0 c:/program files (x86)/atmel/studio/7.0/toolchain/avr8/avr8-gnu-toolchain/bin/../lib/gcc/avr/5.4.0/avr5\libgcc.a(_ctors.o)
 .text.libgcc.mul
                0x00000000        0x0 c:/program files (x86)/atmel/studio/7.0/toolchain/avr8/avr8-gnu-toolchain/bin/../lib/gcc/avr/5.4.0/avr5\libgcc.a(_ctors.o)
 .text.libgcc.div
                0x00000000        0x0 c:/program files (x86)/atmel/studio/7.0/toolchain/avr8/avr8-gnu-toolchain/bin/../lib/gcc/avr/5.4.0/avr5\libgcc.a(_ctors.o)
 .text.libgcc   0x00000000        0x0 c:/program files (x86)/atmel/studio/7.0/toolchain/avr8/avr8-gnu-toolchain/bin/../lib/gcc/avr/5.4.0/avr5\libgcc.a(_ctors.o)
 .text.libgcc.prologue
                0x00000000        0x0 c:/program files (x86)/atmel/studio/7.0/toolchain/avr8/avr8-gnu-toolchain/bin/../lib/gcc/avr/5.4.0/avr5\libgcc.a(_ctors.o)
 .text.libgcc.builtins
                0x00000000        0x0 c:/program files (x86)/atmel/studio/7.0/toolchain/avr8/avr8-gnu-toolchain/bin/../lib/gcc/avr/5.4.0/avr5\libgcc.a(_ctors.o)
 .text.libgcc.fmul
                0x00000000        0x0 c:/program files (x86)/atmel/studio/7.0/toolchain/avr8/avr8-gnu-toolchain/bin/../lib/gcc/avr/5.4.0/avr5\libgcc.a(_ctors.o)
 .text.libgcc.fixed
                0x00000000        0x0 c:/program files (x86)/atmel/studio/7.0/toolchain/avr8/avr8-gnu-toolchain/bin/../lib/gcc/avr/5.4.0/avr5\libgcc.a(_ctors.o)
 .text          0x00000000        0x0 c:/program files (x86)/atmel/studio/7.0/toolchain/avr8/avr8-gnu-toolchain/bin/../lib/gcc/avr/5.4.0/avr5\libgcc.a(_dtors.o)
 .data          0x00000000        0x0 c:/program files (x86)/atmel/studio/7.0/toolchain/avr8/avr8-gnu-toolchain/bin/../lib/gcc/avr/5.4.0/avr5\libgcc.a(_dtors.o)
 .bss           0x00000000        0x0 c:/program files (x86)/atmel/studio/7.0/toolchain/avr8/avr8-gnu-toolchain/bin/../lib/gcc/avr/5.4.0/avr5\libgcc.a(_dtors.o)
 .text.libgcc.mul
                0x00000000        0x0 c:/program files (x86)/atmel/studio/7.0/toolchain/avr8/avr8-gnu-toolchain/bin/../lib/gcc/avr/5.4.0/avr5\libgcc.a(_dtors.o)
 .text.libgcc.div
                0x00000000        0x0 c:/program files (x86)/atmel/studio/7.0/toolchain/avr8/avr8-gnu-toolchain/bin/../lib/gcc/avr/5.4.0/avr5\libgcc.a(_dtors.o)
 .text.libgcc   0x00000000        0x0 c:/program files (x86)/atmel/studio/7.0/toolchain/avr8/avr8-gnu-toolchain/bin/../lib/gcc/avr/5.4.0/avr5\libgcc.a(_dtors.o)
 .text.libgcc.prologue
                0x00000000        0x0 c:/program files (x86)/atmel/studio/7.0/toolchain/avr8/avr8-gnu-toolchain/bin/../lib/gcc/avr/5.4.0/avr5\libgcc.a(_dtors.o)
 .text.libgcc.builtins
                0x00000000        0x0 c:/program files (x86)/atmel/studio/7.0/toolchain/avr8/avr8-gnu-toolchain/bin/../lib/gcc/avr/5.4.0/avr5\libgcc.a(_dtors.o)
 .text.libgcc.fmul
                0x00000000        0x0 c:/program files (x86)/atmel/studio/7.0/toolchain/avr8/avr8-gnu-toolchain/bin/../lib/gcc/avr/5.4.0/avr5\libgcc.a(_dtors.o)
 .text.libgcc.fixed
                0x00000000        0x0 c:/program files (x86)/atmel/studio/7.0/toolchain/avr8/avr8-gnu-toolchain/bin/../lib/gcc/avr/5.4.0/avr5\libgcc.a(_dtors.o)
 .text          0x00000000        0x0 c:/program files (x86)/atmel/studio/7.0/toolchain/avr8/avr8-gnu-toolchain/bin/../lib/gcc/avr/5.4.0/../../../../avr/lib/avr5\libc.a(malloc.o)
 .bss           0x00000000        0x0 c:/program files (x86)/atmel/studio/7.0/toolchain/avr8/avr8-gnu-toolchain/bin/../lib/gcc/avr/5.4.0/../../../../avr/lib/avr5\libc.a(malloc.o)

Memory Configuration

Name             Origin             Length             Attributes
text             0x00000000         0x00020000         xr
data             0x00800060         0x0000ffa0         rw !x
eeprom           0x00810000         0x00010000         rw !x
fuse             0x00820000         0x00000003         rw !x
lock             0x00830000         0x00000400         rw !x
signature        0x00840000         0x00000400         rw !x
user_signatures  0x00850000         0x00000400         rw !x
*default*        0x00000000         0xffffffff

Linker script and memory map

Address of section .data set to 0x800100
LOAD C:/Program Files (x86)/Atmel/Studio/7.0/Packs/atmel/ATmega_DFP/1.2.132/gcc/dev/atmega328p/avr5/crtatmega328p.o
LOAD ADC_klasika.o
LOAD Client.o
LOAD ESP1.o
LOAD main.o
LOAD PrerT1.o
LOAD Usart.o
LOAD Util.o
LOAD Zobraz.o
START GROUP
LOAD c:/program files (x86)/atmel/studio/7.0/toolchain/avr8/avr8-gnu-toolchain/bin/../lib/gcc/avr/5.4.0/../../../../avr/lib/avr5\libm.a
END GROUP
LOAD c:/program files (x86)/atmel/studio/7.0/toolchain/avr8/avr8-gnu-toolchain/bin/../lib/gcc/avr/5.4.0/avr5\libgcc.a
LOAD c:/program files (x86)/atmel/studio/7.0/toolchain/avr8/avr8-gnu-toolchain/bin/../lib/gcc/avr/5.4.0/../../../../avr/lib/avr5\libm.a
START GROUP
LOAD c:/program files (x86)/atmel/studio/7.0/toolchain/avr8/avr8-gnu-toolchain/bin/../lib/gcc/avr/5.4.0/avr5\libgcc.a
LOAD c:/program files (x86)/atmel/studio/7.0/toolchain/avr8/avr8-gnu-toolchain/bin/../lib/gcc/avr/5.4.0/../../../../avr/lib/avr5\libm.a
LOAD c:/program files (x86)/atmel/studio/7.0/toolchain/avr8/avr8-gnu-toolchain/bin/../lib/gcc/avr/5.4.0/../../../../avr/lib/avr5\libc.a
LOAD C:/Program Files (x86)/Atmel/Studio/7.0/Packs/atmel/ATmega_DFP/1.2.132/gcc/dev/atmega328p/avr5\libatmega328p.a
END GROUP
                0x00020000                __TEXT_REGION_LENGTH__ = DEFINED (__TEXT_REGION_LENGTH__)?__TEXT_REGION_LENGTH__:0x20000
                0x0000ffa0                __DATA_REGION_LENGTH__ = DEFINED (__DATA_REGION_LENGTH__)?__DATA_REGION_LENGTH__:0xffa0
                0x00010000                __EEPROM_REGION_LENGTH__ = DEFINED (__EEPROM_REGION_LENGTH__)?__EEPROM_REGION_LENGTH__:0x10000
                [0x00000003]                __FUSE_REGION_LENGTH__ = DEFINED (__FUSE_REGION_LENGTH__)?__FUSE_REGION_LENGTH__:0x400
                0x00000400                __LOCK_REGION_LENGTH__ = DEFINED (__LOCK_REGION_LENGTH__)?__LOCK_REGION_LENGTH__:0x400
                0x00000400                __SIGNATURE_REGION_LENGTH__ = DEFINED (__SIGNATURE_REGION_LENGTH__)?__SIGNATURE_REGION_LENGTH__:0x400
                0x00000400                __USER_SIGNATURE_REGION_LENGTH__ = DEFINED (__USER_SIGNATURE_REGION_LENGTH__)?__USER_SIGNATURE_REGION_LENGTH__:0x400

.hash
 *(.hash)

.dynsym
 *(.dynsym)

.dynstr
 *(.dynstr)

.gnu.version
 *(.gnu.version)

.gnu.version_d
 *(.gnu.version_d)

.gnu.version_r
 *(.gnu.version_r)

.rel.init
 *(.rel.init)

.rela.init
 *(.rela.init)

.rel.text
 *(.rel.text)
 *(.rel.text.*)
 *(.rel.gnu.linkonce.t*)

.rela.text
 *(.rela.text)
 *(.rela.text.*)
 *(.rela.gnu.linkonce.t*)

.rel.fini
 *(.rel.fini)

.rela.fini
 *(.rela.fini)

.rel.rodata
 *(.rel.rodata)
 *(.rel.rodata.*)
 *(.rel.gnu.linkonce.r*)

.rela.rodata
 *(.rela.rodata)
 *(.rela.rodata.*)
 *(.rela.gnu.linkonce.r*)

.rel.data
 *(.rel.data)
 *(.rel.data.*)
 *(.rel.gnu.linkonce.d*)

.rela.data
 *(.rela.data)
 *(.rela.data.*)
 *(.rela.gnu.linkonce.d*)

.rel.ctors
 *(.rel.ctors)

.rela.ctors
 *(.rela.ctors)

.rel.dtors
 *(.rel.dtors)

.rela.dtors
 *(.rela.dtors)

.rel.got
 *(.rel.got)

.rela.got
 *(.rela.got)

.rel.bss
 *(.rel.bss)

.rela.bss
 *(.rela.bss)

.rel.plt
 *(.rel.plt)

.rela.plt
 *(.rela.plt)

.text           0x00000000     0x11ac
 *(.vectors)
 .vectors       0x00000000       0x68 C:/Program Files (x86)/Atmel/Studio/7.0/Packs/atmel/ATmega_DFP/1.2.132/gcc/dev/atmega328p/avr5/crtatmega328p.o
                0x00000000                __vector_default
                0x00000000                __vectors
 *(.vectors)
 *(.progmem.gcc*)
 .progmem.gcc_sw_table._ZN6Zobraz3DSPEh
                0x00000068       0x24 Zobraz.o
                0x0000008c                . = ALIGN (0x2)
                0x0000008c                __trampolines_start = .
 *(.trampolines)
 .trampolines   0x0000008c        0x0 linker stubs
 *(.trampolines*)
                0x0000008c                __trampolines_end = .
 *libprintf_flt.a:*(.progmem.data)
 *libc.a:*(.progmem.data)
 *(.progmem*)
                0x0000008c                . = ALIGN (0x2)
 *(.jumptables)
 *(.jumptables*)
 *(.lowtext)
 *(.lowtext*)
                0x0000008c                __ctors_start = .
 *(.ctors)
 .ctors         0x0000008c        0x2 PrerT1.o
 .ctors         0x0000008e        0x2 Usart.o
                0x00000090                __ctors_end = .
                0x00000090                __dtors_start = .
 *(.dtors)
 .dtors         0x00000090        0x2 PrerT1.o
 .dtors         0x00000092        0x2 Usart.o
                0x00000094                __dtors_end = .
 SORT(*)(.ctors)
 SORT(*)(.dtors)
 *(.init0)
 .init0         0x00000094        0x0 C:/Program Files (x86)/Atmel/Studio/7.0/Packs/atmel/ATmega_DFP/1.2.132/gcc/dev/atmega328p/avr5/crtatmega328p.o
                0x00000094                __init
 *(.init0)
 *(.init1)
 *(.init1)
 *(.init2)
 .init2         0x00000094        0xc C:/Program Files (x86)/Atmel/Studio/7.0/Packs/atmel/ATmega_DFP/1.2.132/gcc/dev/atmega328p/avr5/crtatmega328p.o
 *(.init2)
 *(.init3)
 *(.init3)
 *(.init4)
 .init4         0x000000a0       0x16 c:/program files (x86)/atmel/studio/7.0/toolchain/avr8/avr8-gnu-toolchain/bin/../lib/gcc/avr/5.4.0/avr5\libgcc.a(_copy_data.o)
                0x000000a0                __do_copy_data
 .init4         0x000000b6       0x10 c:/program files (x86)/atmel/studio/7.0/toolchain/avr8/avr8-gnu-toolchain/bin/../lib/gcc/avr/5.4.0/avr5\libgcc.a(_clear_bss.o)
                0x000000b6                __do_clear_bss
 *(.init4)
 *(.init5)
 *(.init5)
 *(.init6)
 .init6         0x000000c6       0x16 c:/program files (x86)/atmel/studio/7.0/toolchain/avr8/avr8-gnu-toolchain/bin/../lib/gcc/avr/5.4.0/avr5\libgcc.a(_ctors.o)
                0x000000c6                __do_global_ctors
 *(.init6)
 *(.init7)
 *(.init7)
 *(.init8)
 *(.init8)
 *(.init9)
 .init9         0x000000dc        0x8 C:/Program Files (x86)/Atmel/Studio/7.0/Packs/atmel/ATmega_DFP/1.2.132/gcc/dev/atmega328p/avr5/crtatmega328p.o
 *(.init9)
 *(.text)
 .text          0x000000e4        0x4 C:/Program Files (x86)/Atmel/Studio/7.0/Packs/atmel/ATmega_DFP/1.2.132/gcc/dev/atmega328p/avr5/crtatmega328p.o
                0x000000e4                __vector_22
                0x000000e4                __vector_1
                0x000000e4                __vector_24
                0x000000e4                __bad_interrupt
                0x000000e4                __vector_6
                0x000000e4                __vector_3
                0x000000e4                __vector_23
                0x000000e4                __vector_25
                0x000000e4                __vector_17
                0x000000e4                __vector_19
                0x000000e4                __vector_7
                0x000000e4                __vector_5
                0x000000e4                __vector_4
                0x000000e4                __vector_9
                0x000000e4                __vector_2
                0x000000e4                __vector_21
                0x000000e4                __vector_15
                0x000000e4                __vector_8
                0x000000e4                __vector_14
                0x000000e4                __vector_16
                0x000000e4                __vector_20
                0x000000e8                . = ALIGN (0x2)
 *(.text.*)
 .text._ZN11ADC_klasikaC2Ev
                0x000000e8        0x2 ADC_klasika.o
                0x000000e8                _ZN11ADC_klasikaC1Ev
                0x000000e8                _ZN11ADC_klasikaC2Ev
 .text._ZN11ADC_klasika7Nas_ADCEhb
                0x000000ea       0x18 ADC_klasika.o
                0x000000ea                _ZN11ADC_klasika7Nas_ADCEhb
 .text._ZN11ADC_klasika9Nas_kanalEh
                0x00000102        0xa ADC_klasika.o
                0x00000102                _ZN11ADC_klasika9Nas_kanalEh
 .text._ZN11ADC_klasika7Daj_ADCEv
                0x0000010c       0x28 ADC_klasika.o
                0x0000010c                _ZN11ADC_klasika7Daj_ADCEv
 .text._ZN6ClientC2Ev
                0x00000134        0x6 Client.o
                0x00000134                _ZN6ClientC2Ev
                0x00000134                _ZN6ClientC1Ev
 .text._ZN6Client10test_zhodyEhPKc
                0x0000013a       0xa8 Client.o
                0x0000013a                _ZN6Client10test_zhodyEhPKc
 .text._ZN6Client14nastav_klientaEPKcS1_
                0x000001e2      0x1d8 Client.o
                0x000001e2                _ZN6Client14nastav_klientaEPKcS1_
 .text._ZN6Client11test_zhody2EPKc
                0x000003ba       0x40 Client.o
                0x000003ba                _ZN6Client11test_zhody2EPKc
 .text._ZN6Client14zatvor_spojeneEh
                0x000003fa       0x4e Client.o
                0x000003fa                _ZN6Client14zatvor_spojeneEh
 .text._ZN6Client10posli_dataEhj
                0x00000448       0x7c Client.o
                0x00000448                _ZN6Client10posli_dataEhj
 .text._ZN6Client14nahraj_hodnotuEhjPKch
                0x000004c4      0x1c8 Client.o
                0x000004c4                _ZN6Client14nahraj_hodnotuEhjPKch
 .text.main     0x0000068c      0x12a main.o
                0x0000068c                main
 .text._ZN6PrerT1C2Ev
                0x000007b6       0x3a PrerT1.o
                0x000007b6                _ZN6PrerT1C2Ev
                0x000007b6                _ZN6PrerT1C1Ev
 .text._ZN6PrerT1D2Ev
                0x000007f0        0xc PrerT1.o
                0x000007f0                _ZN6PrerT1D2Ev
                0x000007f0                _ZN6PrerT1D1Ev
 .text.__vector_13
                0x000007fc       0x3e PrerT1.o
                0x000007fc                __vector_13
 .text.__vector_11
                0x0000083a       0x14 PrerT1.o
                0x0000083a                __vector_11
 .text.__vector_12
                0x0000084e       0x14 PrerT1.o
                0x0000084e                __vector_12
 .text.__vector_10
                0x00000862       0x14 PrerT1.o
                0x00000862                __vector_10
 .text._GLOBAL__sub_I__ZN6PrerT1C2Ev
                0x00000876        0xa PrerT1.o
 .text._GLOBAL__sub_D__ZN6PrerT1C2Ev
                0x00000880        0xa PrerT1.o
 .text._ZN5UsartD2Ev
                0x0000088a        0xc Usart.o
                0x0000088a                _ZN5UsartD2Ev
                0x0000088a                _ZN5UsartD1Ev
 .text._ZN5Usart14setFrameLengthE18UsartFrameLengthEL
                0x00000896       0x9c Usart.o
                0x00000896                _ZN5Usart14setFrameLengthE18UsartFrameLengthEL
 .text._ZN5UsartC2Ev
                0x00000932       0x2e Usart.o
                0x00000932                _ZN5UsartC2Ev
                0x00000932                _ZN5UsartC1Ev
 .text._ZN5Usart9availableEv
                0x00000960        0x8 Usart.o
                0x00000960                _ZN5Usart9availableEv
 .text._ZN5Usart5clearEv
                0x00000968       0x50 Usart.o
                0x00000968                _ZN5Usart5clearEv
 .text._ZN5Usart5beginEmj11UsartModeEL
                0x000009b8      0x154 Usart.o
                0x000009b8                _ZN5Usart5beginEmj11UsartModeEL
 .text._ZN5Usart4readEb
                0x00000b0c       0x5a Usart.o
                0x00000b0c                _ZN5Usart4readEb
 .text._ZN5Usart9writeByteEh
                0x00000b66       0x10 Usart.o
                0x00000b66                _ZN5Usart9writeByteEh
 .text._ZN5Usart10SwriteByteEh
                0x00000b76       0x2a Usart.o
                0x00000b76                _ZN5Usart10SwriteByteEh
 .text._ZN5Usart5writeEPKc
                0x00000ba0       0x2a Usart.o
                0x00000ba0                _ZN5Usart5writeEPKc
 .text._ZN5Usart6SwriteEPKc
                0x00000bca       0x2a Usart.o
                0x00000bca                _ZN5Usart6SwriteEPKc
 .text._ZN5Usart5writeEm
                0x00000bf4       0xae Usart.o
                0x00000bf4                _ZN5Usart5writeEm
 .text._ZN5Usart5writeEl
                0x00000ca2       0x34 Usart.o
                0x00000ca2                _ZN5Usart5writeEl
 .text._ZN5Usart5writeEi
                0x00000cd6        0xe Usart.o
                0x00000cd6                _ZN5Usart5writeEi
 .text._ZN5Usart5writeEj
                0x00000ce4        0xc Usart.o
                0x00000ce4                _ZN5Usart5writeEj
 .text._ZN5Usart4findEPKcb
                0x00000cf0       0x98 Usart.o
                0x00000cf0                _ZN5Usart4findEPKcb
 .text._Z8rxVectorv
                0x00000d88       0x76 Usart.o
                0x00000d88                _Z8rxVectorv
 .text.__vector_18
                0x00000dfe       0x48 Usart.o
                0x00000dfe                __vector_18
 .text._GLOBAL__sub_I__ZN5UsartC2Ev
                0x00000e46        0xa Usart.o
 .text._GLOBAL__sub_D__ZN5UsartC2Ev
                0x00000e50        0xa Usart.o
 .text._ZdlPv   0x00000e5a        0x6 Util.o
                0x00000e5a                _ZdlPv
 .text._ZN6ZobrazC2Ev
                0x00000e60       0x16 Zobraz.o
                0x00000e60                _ZN6ZobrazC2Ev
                0x00000e60                _ZN6ZobrazC1Ev
 .text._ZN6Zobraz4zobrEh
                0x00000e76       0x20 Zobraz.o
                0x00000e76                _ZN6Zobraz4zobrEh
 .text._ZN6Zobraz3DSPEh
                0x00000e96       0x6a Zobraz.o
                0x00000e96                _ZN6Zobraz3DSPEh
 .text.libgcc.div
                0x00000f00       0x44 c:/program files (x86)/atmel/studio/7.0/toolchain/avr8/avr8-gnu-toolchain/bin/../lib/gcc/avr/5.4.0/avr5\libgcc.a(_udivmodsi4.o)
                0x00000f00                __udivmodsi4
 .text.libgcc   0x00000f44        0xc c:/program files (x86)/atmel/studio/7.0/toolchain/avr8/avr8-gnu-toolchain/bin/../lib/gcc/avr/5.4.0/avr5\libgcc.a(_tablejump2.o)
                0x00000f44                __tablejump2__
 .text.avr-libc
                0x00000f50      0x242 c:/program files (x86)/atmel/studio/7.0/toolchain/avr8/avr8-gnu-toolchain/bin/../lib/gcc/avr/5.4.0/../../../../avr/lib/avr5\libc.a(malloc.o)
                0x00000f50                malloc
                0x00001080                free
                0x00001192                . = ALIGN (0x2)
 *(.fini9)
 .fini9         0x00001192        0x0 c:/program files (x86)/atmel/studio/7.0/toolchain/avr8/avr8-gnu-toolchain/bin/../lib/gcc/avr/5.4.0/avr5\libgcc.a(_exit.o)
                0x00001192                _exit
                0x00001192                exit
 *(.fini9)
 *(.fini8)
 *(.fini8)
 *(.fini7)
 *(.fini7)
 *(.fini6)
 .fini6         0x00001192       0x16 c:/program files (x86)/atmel/studio/7.0/toolchain/avr8/avr8-gnu-toolchain/bin/../lib/gcc/avr/5.4.0/avr5\libgcc.a(_dtors.o)
                0x00001192                __do_global_dtors
 *(.fini6)
 *(.fini5)
 *(.fini5)
 *(.fini4)
 *(.fini4)
 *(.fini3)
 *(.fini3)
 *(.fini2)
 *(.fini2)
 *(.fini1)
 *(.fini1)
 *(.fini0)
 .fini0         0x000011a8        0x4 c:/program files (x86)/atmel/studio/7.0/toolchain/avr8/avr8-gnu-toolchain/bin/../lib/gcc/avr/5.4.0/avr5\libgcc.a(_exit.o)
 *(.fini0)
                0x000011ac                _etext = .

.data           0x00800100      0x120 load address 0x000011ac
                0x00800100                PROVIDE (__data_start, .)
 *(.data)
 .data          0x00800100        0x6 c:/program files (x86)/atmel/studio/7.0/toolchain/avr8/avr8-gnu-toolchain/bin/../lib/gcc/avr/5.4.0/../../../../avr/lib/avr5\libc.a(malloc.o)
                0x00800100                __malloc_heap_end
                0x00800102                __malloc_heap_start
                0x00800104                __malloc_margin
 *(.data*)
 .data.API_KEY  0x00800106        0x2 main.o
                0x00800106                API_KEY
 .data.PSWD     0x00800108        0x2 main.o
                0x00800108                PSWD
 .data.SSID     0x0080010a        0x2 main.o
                0x0080010a                SSID
 *(.rodata)
 *(.rodata*)
 .rodata.str1.1
                0x0080010c       0xbd Client.o
                                 0xc6 (size before relaxing)
 .rodata.str1.1
                0x008001c9       0x56 main.o
 *(.gnu.linkonce.d*)
                0x00800220                . = ALIGN (0x2)
 *fill*         0x0080021f        0x1 
                0x00800220                _edata = .
                0x00800220                PROVIDE (__data_end, .)

.bss            0x00800220       0x1b
                0x00800220                PROVIDE (__bss_start, .)
 *(.bss)
 *(.bss*)
 .bss.Timer01   0x00800220        0x2 PrerT1.o
                0x00800220                Timer01
 .bss.USART     0x00800222       0x15 Usart.o
                0x00800222                USART
 *(COMMON)
 COMMON         0x00800237        0x4 c:/program files (x86)/atmel/studio/7.0/toolchain/avr8/avr8-gnu-toolchain/bin/../lib/gcc/avr/5.4.0/../../../../avr/lib/avr5\libc.a(malloc.o)
                0x00800237                __brkval
                0x00800239                __flp
                0x0080023b                PROVIDE (__bss_end, .)
                0x000011ac                __data_load_start = LOADADDR (.data)
                0x000012cc                __data_load_end = (__data_load_start + SIZEOF (.data))

.noinit         0x0080023b        0x0
                [!provide]                PROVIDE (__noinit_start, .)
 *(.noinit*)
                [!provide]                PROVIDE (__noinit_end, .)
                0x0080023b                _end = .
                0x0080023b                PROVIDE (__heap_start, .)

.eeprom         0x00810000        0x0
 *(.eeprom*)
                0x00810000                __eeprom_end = .

.fuse
 *(.fuse)
 *(.lfuse)
 *(.hfuse)
 *(.efuse)

.lock
 *(.lock*)

.signature
 *(.signature*)

.user_signatures
 *(.user_signatures*)

.stab
 *(.stab)

.stabstr
 *(.stabstr)

.stab.excl
 *(.stab.excl)

.stab.exclstr
 *(.stab.exclstr)

.stab.index
 *(.stab.index)

.stab.indexstr
 *(.stab.indexstr)

.comment        0x00000000       0x30
 *(.comment)
 .comment       0x00000000       0x30 ADC_klasika.o
                                 0x31 (size before relaxing)
 .comment       0x00000030       0x31 Client.o
 .comment       0x00000030       0x31 main.o
 .comment       0x00000030       0x31 PrerT1.o
 .comment       0x00000030       0x31 Usart.o
 .comment       0x00000030       0x31 Util.o
 .comment       0x00000030       0x31 Zobraz.o
 .comment       0x00000030       0x31 c:/program files (x86)/atmel/studio/7.0/toolchain/avr8/avr8-gnu-toolchain/bin/../lib/gcc/avr/5.4.0/../../../../avr/lib/avr5\libc.a(malloc.o)

.note.gnu.avr.deviceinfo
                0x00000000       0x40
 .note.gnu.avr.deviceinfo
                0x00000000       0x40 C:/Program Files (x86)/Atmel/Studio/7.0/Packs/atmel/ATmega_DFP/1.2.132/gcc/dev/atmega328p/avr5/crtatmega328p.o

.note.gnu.build-id
 *(.note.gnu.build-id)

.debug
 *(.debug)

.line
 *(.line)

.debug_srcinfo
 *(.debug_srcinfo)

.debug_sfnames
 *(.debug_sfnames)

.debug_aranges  0x00000000      0x2f0
 *(.debug_aranges)
 .debug_aranges
                0x00000000       0x40 ADC_klasika.o
 .debug_aranges
                0x00000040       0x78 Client.o
 .debug_aranges
                0x000000b8       0x20 main.o
 .debug_aranges
                0x000000d8       0x68 PrerT1.o
 .debug_aranges
                0x00000140      0x130 Usart.o
 .debug_aranges
                0x00000270       0x38 Util.o
 .debug_aranges
                0x000002a8       0x48 Zobraz.o

.debug_pubnames
 *(.debug_pubnames)

.debug_info     0x00000000     0x4ca2
 *(.debug_info .gnu.linkonce.wi.*)
 .debug_info    0x00000000      0x5f4 C:/Program Files (x86)/Atmel/Studio/7.0/Packs/atmel/ATmega_DFP/1.2.132/gcc/dev/atmega328p/avr5/crtatmega328p.o
 .debug_info    0x000005f4      0x288 ADC_klasika.o
 .debug_info    0x0000087c     0x16d3 Client.o
 .debug_info    0x00001f4f      0xd66 main.o
 .debug_info    0x00002cb5      0x3a0 PrerT1.o
 .debug_info    0x00003055     0x15f3 Usart.o
 .debug_info    0x00004648      0x260 Util.o
 .debug_info    0x000048a8      0x3fa Zobraz.o

.debug_abbrev   0x00000000     0x14bb
 *(.debug_abbrev)
 .debug_abbrev  0x00000000      0x5a2 C:/Program Files (x86)/Atmel/Studio/7.0/Packs/atmel/ATmega_DFP/1.2.132/gcc/dev/atmega328p/avr5/crtatmega328p.o
 .debug_abbrev  0x000005a2      0x15b ADC_klasika.o
 .debug_abbrev  0x000006fd      0x287 Client.o
 .debug_abbrev  0x00000984      0x279 main.o
 .debug_abbrev  0x00000bfd      0x1da PrerT1.o
 .debug_abbrev  0x00000dd7      0x3ac Usart.o
 .debug_abbrev  0x00001183      0x13e Util.o
 .debug_abbrev  0x000012c1      0x1fa Zobraz.o

.debug_line     0x00000000     0x1c15
 *(.debug_line .debug_line.* .debug_line_end)
 .debug_line    0x00000000      0x133 C:/Program Files (x86)/Atmel/Studio/7.0/Packs/atmel/ATmega_DFP/1.2.132/gcc/dev/atmega328p/avr5/crtatmega328p.o
 .debug_line    0x00000133      0x13c ADC_klasika.o
 .debug_line    0x0000026f      0x7fa Client.o
 .debug_line    0x00000a69      0x1de main.o
 .debug_line    0x00000c47      0x1b6 PrerT1.o
 .debug_line    0x00000dfd      0x904 Usart.o
 .debug_line    0x00001701      0x1b9 Util.o
 .debug_line    0x000018ba      0x35b Zobraz.o

.debug_frame    0x00000000      0x8dc
 *(.debug_frame)
 .debug_frame   0x00000000       0x64 ADC_klasika.o
 .debug_frame   0x00000064      0x1ec Client.o
 .debug_frame   0x00000250       0x34 main.o
 .debug_frame   0x00000284       0xf8 PrerT1.o
 .debug_frame   0x0000037c      0x470 Usart.o
 .debug_frame   0x000007ec       0x74 Util.o
 .debug_frame   0x00000860       0x7c Zobraz.o

.debug_str      0x00000000      0xf6a
 *(.debug_str)
 .debug_str     0x00000000      0x208 C:/Program Files (x86)/Atmel/Studio/7.0/Packs/atmel/ATmega_DFP/1.2.132/gcc/dev/atmega328p/avr5/crtatmega328p.o
 .debug_str     0x00000208      0x255 ADC_klasika.o
                                0x29a (size before relaxing)
 .debug_str     0x0000045d      0x6ea Client.o
                                0x914 (size before relaxing)
 .debug_str     0x00000b47       0xa5 main.o
                                0x9e8 (size before relaxing)
 .debug_str     0x00000bec      0x185 PrerT1.o
                                0x33e (size before relaxing)
 .debug_str     0x00000d71      0x136 Usart.o
                                0x85f (size before relaxing)
 .debug_str     0x00000ea7       0x95 Util.o
                                0x272 (size before relaxing)
 .debug_str     0x00000f3c       0x2e Zobraz.o
                                0x29f (size before relaxing)

.debug_loc      0x00000000     0x3548
 *(.debug_loc)
 .debug_loc     0x00000000       0xf6 ADC_klasika.o
 .debug_loc     0x000000f6      0xf98 Client.o
 .debug_loc     0x0000108e      0x13c main.o
 .debug_loc     0x000011ca      0x1b8 PrerT1.o
 .debug_loc     0x00001382     0x1c39 Usart.o
 .debug_loc     0x00002fbb      0x2df Util.o
 .debug_loc     0x0000329a      0x2ae Zobraz.o

.debug_macinfo
 *(.debug_macinfo)

.debug_weaknames
 *(.debug_weaknames)

.debug_funcnames
 *(.debug_funcnames)

.debug_typenames
 *(.debug_typenames)

.debug_varnames
 *(.debug_varnames)

.debug_pubtypes
 *(.debug_pubtypes)

.debug_ranges   0x00000000      0x310
 *(.debug_ranges)
 .debug_ranges  0x00000000       0x30 ADC_klasika.o
 .debug_ranges  0x00000030       0x68 Client.o
 .debug_ranges  0x00000098       0x10 main.o
 .debug_ranges  0x000000a8       0x58 PrerT1.o
 .debug_ranges  0x00000100      0x180 Usart.o
 .debug_ranges  0x00000280       0x58 Util.o
 .debug_ranges  0x000002d8       0x38 Zobraz.o

.debug_macro
 *(.debug_macro)
OUTPUT(Cloud.elf elf32-avr)
LOAD linker stubs
